------------------------------------------------------------
Timing Analyzer Summary
------------------------------------------------------------

Type  : Slow 1100mV 85C Model Setup 'clk'
Slack : -0.487
TNS   : -2.950

Type  : Slow 1100mV 85C Model Hold 'clk'
Slack : 0.318
TNS   : 0.000

Type  : Slow 1100mV 85C Model Minimum Pulse Width 'clk'
Slack : -0.724
TNS   : -12.194

Type  : Slow 1100mV 0C Model Setup 'clk'
Slack : -0.547
TNS   : -2.959

Type  : Slow 1100mV 0C Model Hold 'clk'
Slack : 0.304
TNS   : 0.000

Type  : Slow 1100mV 0C Model Minimum Pulse Width 'clk'
Slack : -0.724
TNS   : -12.213

Type  : Fast 1100mV 85C Model Setup 'clk'
Slack : 0.346
TNS   : 0.000

Type  : Fast 1100mV 85C Model Hold 'clk'
Slack : 0.138
TNS   : 0.000

Type  : Fast 1100mV 85C Model Minimum Pulse Width 'clk'
Slack : -0.086
TNS   : -0.941

Type  : Fast 1100mV 0C Model Setup 'clk'
Slack : 0.399
TNS   : 0.000

Type  : Fast 1100mV 0C Model Hold 'clk'
Slack : 0.125
TNS   : 0.000

Type  : Fast 1100mV 0C Model Minimum Pulse Width 'clk'
Slack : -0.086
TNS   : -0.936

------------------------------------------------------------
